Copyright 1986-2022 Xilinx, Inc. All Rights Reserved. Copyright 2022-2025 Advanced Micro Devices, Inc. All Rights Reserved.
---------------------------------------------------------------------------------------------------------------------------------------------
| Tool Version : Vivado v.2025.2 (lin64) Build 6299465 Fri Nov 14 12:34:56 MST 2025
| Date         : Wed Feb 25 01:28:09 2026
| Host         : npc running 64-bit Arch Linux
| Command      : report_control_sets -verbose -file minimal_wrapper_control_sets_placed.rpt
| Design       : minimal_wrapper
| Device       : xc7z010
---------------------------------------------------------------------------------------------------------------------------------------------

Control Set Information

Table of Contents
-----------------
1. Summary
2. Histogram
3. Flip-Flop Distribution
4. Detailed Control Set Information

1. Summary
----------

+----------------------------------------------------------+-------+
|                          Status                          | Count |
+----------------------------------------------------------+-------+
| Total control sets                                       |   171 |
|    Minimum number of control sets                        |   171 |
|    Addition due to synthesis replication                 |     0 |
|    Addition due to physical synthesis replication        |     0 |
| Unused register locations in slices containing registers |   723 |
+----------------------------------------------------------+-------+
* Control sets can be merged at opt_design using control_set_merge or merge_equivalent_drivers
** Run report_qor_suggestions for automated merging and remapping suggestions


2. Histogram
------------

+--------------------+-------+
|       Fanout       | Count |
+--------------------+-------+
| Total control sets |   171 |
| >= 0 to < 4        |    61 |
| >= 4 to < 6        |    22 |
| >= 6 to < 8        |    10 |
| >= 8 to < 10       |    15 |
| >= 10 to < 12      |     4 |
| >= 12 to < 14      |    15 |
| >= 14 to < 16      |     0 |
| >= 16              |    44 |
+--------------------+-------+
* Control sets can be remapped at either synth_design or opt_design


3. Flip-Flop Distribution
-------------------------

+--------------+-----------------------+------------------------+-----------------+--------------+
| Clock Enable | Synchronous Set/Reset | Asynchronous Set/Reset | Total Registers | Total Slices |
+--------------+-----------------------+------------------------+-----------------+--------------+
| No           | No                    | No                     |             793 |          201 |
| No           | No                    | Yes                    |              93 |           31 |
| No           | Yes                   | No                     |             665 |          245 |
| Yes          | No                    | No                     |             329 |           83 |
| Yes          | No                    | Yes                    |               0 |            0 |
| Yes          | Yes                   | No                     |             709 |          209 |
+--------------+-----------------------+------------------------+-----------------+--------------+


4. Detailed Control Set Information
-----------------------------------

+--------------------------------------------------+---------------------------------------------------------------------------------------------------------------------------------------------------------------------------------------------------------+-----------------------------------------------------------------------------------------------------------------------------------------------------------------------------------------------------------------------------------+------------------+----------------+--------------+
|                   Clock Signal                   |                                                                                              Enable Signal                                                                                              |                                                                                                          Set/Reset Signal                                                                                                         | Slice Load Count | Bel Load Count | Bels / Slice |
+--------------------------------------------------+---------------------------------------------------------------------------------------------------------------------------------------------------------------------------------------------------------+-----------------------------------------------------------------------------------------------------------------------------------------------------------------------------------------------------------------------------------+------------------+----------------+--------------+
|  minimal_i/processing_system7_0/inst/FCLK_CLK0   |                                                                                                                                                                                                         | minimal_i/axi_smc/inst/m00_nodes/m00_aw_node/inst/s_sc_areset_pipe                                                                                                                                                                |                1 |              1 |         1.00 |
|  minimal_i/processing_system7_0/inst/FCLK_CLK0   |                                                                                                                                                                                                         | minimal_i/axi_ethernetlite_0/U0/XEMAC_I/EMAC_I/TX/INST_TX_STATE_MACHINE/rst                                                                                                                                                       |                1 |              1 |         1.00 |
|  minimal_i/processing_system7_0/inst/FCLK_CLK0   |                                                                                                                                                                                                         | minimal_i/axi_smc/inst/m02_nodes/m02_w_node/inst/s_sc_areset_pipe                                                                                                                                                                 |                1 |              1 |         1.00 |
|  minimal_i/processing_system7_0/inst/FCLK_CLK0   |                                                                                                                                                                                                         | minimal_i/axi_smc/inst/switchboards/i_nodes/i_b_node/inst/s_sc_areset_pipe                                                                                                                                                        |                1 |              1 |         1.00 |
|  minimal_i/processing_system7_0/inst/FCLK_CLK0   |                                                                                                                                                                                                         | minimal_i/axi_smc/inst/switchboards/i_nodes/i_aw_node/inst/s_sc_areset_pipe                                                                                                                                                       |                1 |              1 |         1.00 |
|  minimal_i/processing_system7_0/inst/FCLK_CLK0   |                                                                                                                                                                                                         | minimal_i/axi_smc/inst/m02_nodes/m02_r_node/inst/s_sc_areset_pipe                                                                                                                                                                 |                1 |              1 |         1.00 |
|  minimal_i/processing_system7_0/inst/FCLK_CLK0   |                                                                                                                                                                                                         | minimal_i/axi_smc/inst/switchboards/i_nodes/i_ar_node/inst/s_sc_areset_pipe                                                                                                                                                       |                1 |              1 |         1.00 |
|  minimal_i/processing_system7_0/inst/FCLK_CLK0   |                                                                                                                                                                                                         | minimal_i/axi_smc/inst/m02_nodes/m02_b_node/inst/s_sc_areset_pipe                                                                                                                                                                 |                1 |              1 |         1.00 |
|  minimal_i/processing_system7_0/inst/FCLK_CLK0   |                                                                                                                                                                                                         | minimal_i/axi_smc/inst/m00_nodes/m00_ar_node/inst/s_sc_areset_pipe                                                                                                                                                                |                1 |              1 |         1.00 |
|  minimal_i/processing_system7_0/inst/FCLK_CLK0   |                                                                                                                                                                                                         | minimal_i/axi_smc/inst/m02_nodes/m02_aw_node/inst/s_sc_areset_pipe                                                                                                                                                                |                1 |              1 |         1.00 |
|  minimal_i/processing_system7_0/inst/FCLK_CLK0   |                                                                                                                                                                                                         | minimal_i/axi_smc/inst/s00_nodes/s00_r_node/inst/s_sc_areset_pipe                                                                                                                                                                 |                1 |              1 |         1.00 |
|  minimal_i/processing_system7_0/inst/FCLK_CLK0   |                                                                                                                                                                                                         | minimal_i/axi_smc/inst/m00_nodes/m00_b_node/inst/s_sc_areset_pipe                                                                                                                                                                 |                1 |              1 |         1.00 |
|  minimal_i/processing_system7_0/inst/FCLK_CLK0   |                                                                                                                                                                                                         | minimal_i/axi_smc/inst/m02_nodes/m02_ar_node/inst/s_sc_areset_pipe                                                                                                                                                                |                1 |              1 |         1.00 |
|  minimal_i/processing_system7_0/inst/FCLK_CLK0   |                                                                                                                                                                                                         | minimal_i/axi_smc/inst/m00_nodes/m00_r_node/inst/s_sc_areset_pipe                                                                                                                                                                 |                1 |              1 |         1.00 |
|  minimal_i/processing_system7_0/inst/FCLK_CLK0   |                                                                                                                                                                                                         | minimal_i/axi_smc/inst/m00_nodes/m00_w_node/inst/s_sc_areset_pipe                                                                                                                                                                 |                1 |              1 |         1.00 |
|  minimal_i/processing_system7_0/inst/FCLK_CLK0   |                                                                                                                                                                                                         | minimal_i/axi_smc/inst/m01_nodes/m01_w_node/inst/s_sc_areset_pipe                                                                                                                                                                 |                1 |              1 |         1.00 |
|  minimal_i/processing_system7_0/inst/FCLK_CLK0   |                                                                                                                                                                                                         | minimal_i/axi_smc/inst/m01_nodes/m01_ar_node/inst/s_sc_areset_pipe                                                                                                                                                                |                1 |              1 |         1.00 |
|  minimal_i/processing_system7_0/inst/FCLK_CLK0   |                                                                                                                                                                                                         | minimal_i/axi_smc/inst/m01_nodes/m01_aw_node/inst/s_sc_areset_pipe                                                                                                                                                                |                1 |              1 |         1.00 |
|  minimal_i/processing_system7_0/inst/FCLK_CLK0   |                                                                                                                                                                                                         | minimal_i/axi_smc/inst/m01_nodes/m01_r_node/inst/s_sc_areset_pipe                                                                                                                                                                 |                1 |              1 |         1.00 |
|  minimal_i/processing_system7_0/inst/FCLK_CLK0   |                                                                                                                                                                                                         | minimal_i/axi_smc/inst/m01_nodes/m01_b_node/inst/s_sc_areset_pipe                                                                                                                                                                 |                1 |              1 |         1.00 |
|  minimal_i/processing_system7_0/inst/FCLK_CLK0   |                                                                                                                                                                                                         | minimal_i/axi_smc/inst/s00_nodes/s00_b_node/inst/s_sc_areset_pipe                                                                                                                                                                 |                1 |              1 |         1.00 |
|  minimal_i/processing_system7_0/inst/FCLK_CLK0   |                                                                                                                                                                                                         | minimal_i/axi_smc/inst/s00_nodes/s00_aw_node/inst/s_sc_areset_pipe                                                                                                                                                                |                1 |              1 |         1.00 |
|  minimal_i/processing_system7_0/inst/FCLK_CLK0   |                                                                                                                                                                                                         | minimal_i/axi_smc/inst/s00_nodes/s00_ar_node/inst/s_sc_areset_pipe                                                                                                                                                                |                1 |              1 |         1.00 |
|  minimal_i/processing_system7_0/inst/FCLK_CLK0   |                                                                                                                                                                                                         | minimal_i/axi_smc/inst/switchboards/i_nodes/i_r_node/inst/s_sc_areset_pipe                                                                                                                                                        |                1 |              1 |         1.00 |
|  minimal_i/processing_system7_0/inst/FCLK_CLK0   |                                                                                                                                                                                                         | minimal_i/axi_ethernetlite_0/U0/XEMAC_I/EMAC_I/RX/INST_CRCGENRX/crcokdelay                                                                                                                                                        |                1 |              1 |         1.00 |
|  minimal_i/processing_system7_0/inst/FCLK_CLK0   |                                                                                                                                                                                                         | minimal_i/axi_smc/inst/s00_nodes/s00_w_node/inst/s_sc_areset_pipe                                                                                                                                                                 |                1 |              1 |         1.00 |
|  minimal_i/processing_system7_0/inst/FCLK_CLK1   |                                                                                                                                                                                                         | minimal_i/axi_quad_spi_0/U0/NO_DUAL_QUAD_MODE.QSPI_NORMAL/QSPI_LEGACY_MD_GEN.QSPI_CORE_INTERFACE_I/LOGIC_FOR_MD_0_GEN.SPI_MODULE_I/SS_O[0]_i_1_n_0                                                                                |                1 |              1 |         1.00 |
|  minimal_i/processing_system7_0/inst/FCLK_CLK0   |                                                                                                                                                                                                         | minimal_i/axi_smc/inst/switchboards/i_nodes/i_w_node/inst/s_sc_areset_pipe                                                                                                                                                        |                1 |              1 |         1.00 |
|  minimal_i/processing_system7_0/inst/FCLK_CLK0   | minimal_i/axi_ethernetlite_0/U0/XEMAC_I/MDIO_GEN.MDIO_IF_I/mdc_falling                                                                                                                                  | minimal_i/axi_ethernetlite_0/U0/XEMAC_I/EMAC_I/TX/INST_TX_STATE_MACHINE/ACTIVE_LOW_PR_OUT_DFF[0].FDRE_PER_N                                                                                                                       |                1 |              2 |         2.00 |
|  minimal_i/processing_system7_0/inst/FCLK_CLK0   | minimal_i/axi_quad_spi_0/U0/NO_DUAL_QUAD_MODE.QSPI_NORMAL/QSPI_LEGACY_MD_GEN.AXI_LITE_IPIF_I/I_SLAVE_ATTACHMENT/I_DECODER/bus2ip_wrce_int[0]                                                            | minimal_i/axi_quad_spi_0/U0/NO_DUAL_QUAD_MODE.QSPI_NORMAL/QSPI_LEGACY_MD_GEN.QSPI_CORE_INTERFACE_I/SOFT_RESET_I/reset2ip_reset_int                                                                                                |                1 |              2 |         2.00 |
|  minimal_i/processing_system7_0/inst/FCLK_CLK0   |                                                                                                                                                                                                         | minimal_i/axi_smc/inst/s00_nodes/s00_r_node/inst/s_sc_xpm_cdc_async_rst_inst/reset_pol                                                                                                                                            |                1 |              3 |         3.00 |
|  minimal_i/processing_system7_0/inst/FCLK_CLK0   |                                                                                                                                                                                                         | minimal_i/axi_smc/inst/m01_nodes/m01_w_node/inst/s_sc_xpm_cdc_async_rst_inst/reset_pol                                                                                                                                            |                1 |              3 |         3.00 |
|  minimal_i/processing_system7_0/inst/FCLK_CLK0   |                                                                                                                                                                                                         | minimal_i/axi_smc/inst/m02_nodes/m02_aw_node/inst/s_sc_xpm_cdc_async_rst_inst/reset_pol                                                                                                                                           |                1 |              3 |         3.00 |
|  minimal_i/processing_system7_0/inst/FCLK_CLK0   |                                                                                                                                                                                                         | minimal_i/axi_smc/inst/s00_nodes/s00_b_node/inst/s_sc_xpm_cdc_async_rst_inst/reset_pol                                                                                                                                            |                1 |              3 |         3.00 |
|  minimal_i/processing_system7_0/inst/FCLK_CLK0   |                                                                                                                                                                                                         | minimal_i/axi_smc/inst/m02_exit_pipeline/m02_exit/inst/xpm_cdc_async_rst_inst/reset_pol                                                                                                                                           |                1 |              3 |         3.00 |
|  minimal_i/processing_system7_0/inst/FCLK_CLK0   |                                                                                                                                                                                                         | minimal_i/axi_smc/inst/m02_nodes/m02_ar_node/inst/s_sc_xpm_cdc_async_rst_inst/reset_pol                                                                                                                                           |                1 |              3 |         3.00 |
|  minimal_i/processing_system7_0/inst/FCLK_CLK0   |                                                                                                                                                                                                         | minimal_i/axi_smc/inst/m00_nodes/m00_w_node/inst/s_sc_xpm_cdc_async_rst_inst/reset_pol                                                                                                                                            |                1 |              3 |         3.00 |
|  minimal_i/processing_system7_0/inst/FCLK_CLK0   |                                                                                                                                                                                                         | minimal_i/axi_smc/inst/s00_nodes/s00_aw_node/inst/s_sc_xpm_cdc_async_rst_inst/reset_pol                                                                                                                                           |                1 |              3 |         3.00 |
|  minimal_i/processing_system7_0/inst/FCLK_CLK0   |                                                                                                                                                                                                         | minimal_i/axi_smc/inst/s00_nodes/s00_ar_node/inst/s_sc_xpm_cdc_async_rst_inst/reset_pol                                                                                                                                           |                1 |              3 |         3.00 |
|  minimal_i/processing_system7_0/inst/FCLK_CLK0   |                                                                                                                                                                                                         | minimal_i/axi_smc/inst/s00_entry_pipeline/s00_transaction_regulator/inst/xpm_cdc_async_rst_inst/reset_pol                                                                                                                         |                1 |              3 |         3.00 |
|  minimal_i/processing_system7_0/inst/FCLK_CLK0   |                                                                                                                                                                                                         | minimal_i/axi_smc/inst/m02_nodes/m02_b_node/inst/s_sc_xpm_cdc_async_rst_inst/reset_pol                                                                                                                                            |                1 |              3 |         3.00 |
|  minimal_i/processing_system7_0/inst/FCLK_CLK0   |                                                                                                                                                                                                         | minimal_i/axi_smc/inst/s00_nodes/s00_w_node/inst/s_sc_xpm_cdc_async_rst_inst/reset_pol                                                                                                                                            |                1 |              3 |         3.00 |
|  minimal_i/processing_system7_0/inst/FCLK_CLK0   |                                                                                                                                                                                                         | minimal_i/axi_smc/inst/m02_nodes/m02_r_node/inst/s_sc_xpm_cdc_async_rst_inst/reset_pol                                                                                                                                            |                1 |              3 |         3.00 |
|  minimal_i/processing_system7_0/inst/FCLK_CLK0   |                                                                                                                                                                                                         | minimal_i/axi_smc/inst/s00_entry_pipeline/s00_si_converter/inst/xpm_cdc_async_rst_inst/reset_pol                                                                                                                                  |                1 |              3 |         3.00 |
|  minimal_i/processing_system7_0/inst/FCLK_CLK0   |                                                                                                                                                                                                         | minimal_i/axi_smc/inst/m02_nodes/m02_w_node/inst/s_sc_xpm_cdc_async_rst_inst/reset_pol                                                                                                                                            |                1 |              3 |         3.00 |
|  minimal_i/processing_system7_0/inst/FCLK_CLK0   |                                                                                                                                                                                                         | minimal_i/axi_smc/inst/s00_entry_pipeline/s00_mmu/inst/xpm_cdc_async_rst_inst/reset_pol                                                                                                                                           |                1 |              3 |         3.00 |
|  minimal_i/processing_system7_0/inst/FCLK_CLK0   |                                                                                                                                                                                                         | minimal_i/axi_smc/inst/m01_nodes/m01_b_node/inst/s_sc_xpm_cdc_async_rst_inst/reset_pol                                                                                                                                            |                1 |              3 |         3.00 |
|  minimal_i/processing_system7_0/inst/FCLK_CLK0   |                                                                                                                                                                                                         | minimal_i/axi_smc/inst/switchboards/i_nodes/i_w_node/inst/s_sc_xpm_cdc_async_rst_inst/reset_pol                                                                                                                                   |                1 |              3 |         3.00 |
|  minimal_i/processing_system7_0/inst/FCLK_CLK0   |                                                                                                                                                                                                         | minimal_i/axi_smc/inst/switchboards/i_nodes/i_r_node/inst/s_sc_xpm_cdc_async_rst_inst/reset_pol                                                                                                                                   |                1 |              3 |         3.00 |
|  minimal_i/processing_system7_0/inst/FCLK_CLK0   |                                                                                                                                                                                                         | minimal_i/axi_smc/inst/switchboards/i_nodes/i_b_node/inst/s_sc_xpm_cdc_async_rst_inst/reset_pol                                                                                                                                   |                1 |              3 |         3.00 |
|  minimal_i/processing_system7_0/inst/FCLK_CLK0   |                                                                                                                                                                                                         | minimal_i/axi_smc/inst/switchboards/i_nodes/i_aw_node/inst/s_sc_xpm_cdc_async_rst_inst/reset_pol                                                                                                                                  |                1 |              3 |         3.00 |
|  minimal_i/processing_system7_0/inst/FCLK_CLK0   |                                                                                                                                                                                                         | minimal_i/axi_smc/inst/switchboards/i_nodes/i_ar_node/inst/s_sc_xpm_cdc_async_rst_inst/reset_pol                                                                                                                                  |                1 |              3 |         3.00 |
|  minimal_i/processing_system7_0/inst/FCLK_CLK0   |                                                                                                                                                                                                         | minimal_i/axi_smc/inst/m00_exit_pipeline/m00_exit/inst/xpm_cdc_async_rst_inst/reset_pol                                                                                                                                           |                1 |              3 |         3.00 |
|  minimal_i/processing_system7_0/inst/FCLK_CLK0   |                                                                                                                                                                                                         | minimal_i/axi_smc/inst/m00_nodes/m00_ar_node/inst/s_sc_xpm_cdc_async_rst_inst/reset_pol                                                                                                                                           |                1 |              3 |         3.00 |
|  minimal_i/processing_system7_0/inst/FCLK_CLK0   |                                                                                                                                                                                                         | minimal_i/axi_smc/inst/m00_nodes/m00_b_node/inst/s_sc_xpm_cdc_async_rst_inst/reset_pol                                                                                                                                            |                1 |              3 |         3.00 |
|  minimal_i/processing_system7_0/inst/FCLK_CLK0   |                                                                                                                                                                                                         | minimal_i/axi_smc/inst/m00_nodes/m00_r_node/inst/s_sc_xpm_cdc_async_rst_inst/reset_pol                                                                                                                                            |                1 |              3 |         3.00 |
|  minimal_i/processing_system7_0/inst/FCLK_CLK0   |                                                                                                                                                                                                         | minimal_i/axi_smc/inst/m00_nodes/m00_aw_node/inst/s_sc_xpm_cdc_async_rst_inst/reset_pol                                                                                                                                           |                1 |              3 |         3.00 |
|  minimal_i/processing_system7_0/inst/FCLK_CLK0   |                                                                                                                                                                                                         | minimal_i/axi_smc/inst/m01_exit_pipeline/m01_exit/inst/xpm_cdc_async_rst_inst/reset_pol                                                                                                                                           |                1 |              3 |         3.00 |
|  minimal_i/processing_system7_0/inst/FCLK_CLK0   |                                                                                                                                                                                                         | minimal_i/axi_smc/inst/m01_nodes/m01_ar_node/inst/s_sc_xpm_cdc_async_rst_inst/reset_pol                                                                                                                                           |                1 |              3 |         3.00 |
|  minimal_i/processing_system7_0/inst/FCLK_CLK0   |                                                                                                                                                                                                         | minimal_i/axi_smc/inst/m01_nodes/m01_aw_node/inst/s_sc_xpm_cdc_async_rst_inst/reset_pol                                                                                                                                           |                1 |              3 |         3.00 |
|  minimal_i/processing_system7_0/inst/FCLK_CLK0   |                                                                                                                                                                                                         | minimal_i/axi_smc/inst/m01_nodes/m01_r_node/inst/s_sc_xpm_cdc_async_rst_inst/reset_pol                                                                                                                                            |                1 |              3 |         3.00 |
|  minimal_i/processing_system7_0/inst/FCLK_CLK1   |                                                                                                                                                                                                         | minimal_i/axi_quad_spi_0/U0/NO_DUAL_QUAD_MODE.QSPI_NORMAL/QSPI_LEGACY_MD_GEN.QSPI_CORE_INTERFACE_I/LOGIC_FOR_MD_0_GEN.SPI_MODULE_I/p_1_in                                                                                         |                1 |              4 |         4.00 |
|  minimal_i/processing_system7_0/inst/FCLK_CLK1   |                                                                                                                                                                                                         | minimal_i/axi_quad_spi_0/U0/NO_DUAL_QUAD_MODE.QSPI_NORMAL/QSPI_LEGACY_MD_GEN.QSPI_CORE_INTERFACE_I/FIFO_EXISTS.RX_FIFO_II/gnuram_async_fifo.xpm_fifo_base_inst/xpm_fifo_rst_inst/FSM_onehot_gen_rst_ic.curr_wrst_state[4]_i_1_n_0 |                2 |              4 |         2.00 |
|  minimal_i/processing_system7_0/inst/FCLK_CLK0   | minimal_i/axi_smc/inst/s00_entry_pipeline/s00_si_converter/inst/gen_axilite_conv.axilite_conv_inst/r_state[0]                                                                                           | minimal_i/axi_smc/inst/s00_entry_pipeline/s00_si_converter/inst/areset                                                                                                                                                            |                1 |              4 |         4.00 |
|  minimal_i/processing_system7_0/inst/FCLK_CLK0   | minimal_i/axi_smc/inst/s00_entry_pipeline/s00_si_converter/inst/gen_axilite_conv.axilite_conv_inst/aw_incr[0]                                                                                           | minimal_i/axi_smc/inst/s00_entry_pipeline/s00_si_converter/inst/areset                                                                                                                                                            |                1 |              4 |         4.00 |
|  minimal_i/processing_system7_0/inst/FCLK_CLK0   | minimal_i/axi_gpio_0/U0/AXI_LITE_IPIF_I/I_SLAVE_ATTACHMENT/s_axi_rresp_i[0]                                                                                                                             | minimal_i/axi_gpio_0/U0/AXI_LITE_IPIF_I/I_SLAVE_ATTACHMENT/SR[0]                                                                                                                                                                  |                1 |              4 |         4.00 |
|  minimal_i/processing_system7_0/inst/FCLK_CLK0   | minimal_i/axi_gpio_0/U0/AXI_LITE_IPIF_I/I_SLAVE_ATTACHMENT/start2                                                                                                                                       | minimal_i/axi_gpio_0/U0/AXI_LITE_IPIF_I/I_SLAVE_ATTACHMENT/I_DECODER/cs_ce_clr                                                                                                                                                    |                1 |              4 |         4.00 |
|  minimal_i/processing_system7_0/inst/FCLK_CLK0   | minimal_i/axi_gpio_0/U0/AXI_LITE_IPIF_I/I_SLAVE_ATTACHMENT/bus2ip_addr_i[8]_i_1_n_0                                                                                                                     | minimal_i/axi_gpio_0/U0/AXI_LITE_IPIF_I/I_SLAVE_ATTACHMENT/SR[0]                                                                                                                                                                  |                1 |              4 |         4.00 |
|  minimal_i/processing_system7_0/inst/FCLK_CLK0   | minimal_i/axi_ethernetlite_0/U0/XEMAC_I/EMAC_I/TX/INST_TX_STATE_MACHINE/mac_addr_ram_we                                                                                                                 |                                                                                                                                                                                                                                   |                1 |              4 |         4.00 |
|  minimal_i/processing_system7_0/inst/FCLK_CLK0   | minimal_i/axi_ethernetlite_0/U0/XEMAC_I/EMAC_I/TX/INST_TX_STATE_MACHINE/emac_tx_wr_i                                                                                                                    | minimal_i/axi_ethernetlite_0/U0/XEMAC_I/EMAC_I/TX/INST_TX_STATE_MACHINE/txComboBusFifoWrCntRst                                                                                                                                    |                1 |              4 |         4.00 |
|  minimal_i/processing_system7_0/inst/FCLK_CLK0   | minimal_i/axi_ethernetlite_0/U0/XEMAC_I/EMAC_I/TX/INST_TX_STATE_MACHINE/CE_1                                                                                                                            | minimal_i/axi_ethernetlite_0/U0/XEMAC_I/EMAC_I/TX/INST_TX_STATE_MACHINE/ACTIVE_LOW_PR_OUT_DFF[0].FDRE_PER_N                                                                                                                       |                1 |              4 |         4.00 |
|  minimal_i/processing_system7_0/inst/FCLK_CLK0   |                                                                                                                                                                                                         | minimal_i/axi_ethernetlite_0/U0/XEMAC_I/EMAC_I/RX/INST_RX_INTRFCE/SR[0]                                                                                                                                                           |                3 |              4 |         1.33 |
|  minimal_i/processing_system7_0/inst/FCLK_CLK0   |                                                                                                                                                                                                         | minimal_i/rst_ps7_0_50M/U0/EXT_LPF/lpf_int                                                                                                                                                                                        |                2 |              4 |         2.00 |
|  minimal_i/axi_ethernetlite_0/U0/dest_clk        |                                                                                                                                                                                                         | minimal_i/axi_ethernetlite_0/U0/XEMAC_I/EMAC_I/RX/INST_RX_INTRFCE/I_RX_FIFO/gnuram_async_fifo.xpm_fifo_base_inst/xpm_fifo_rst_inst/FSM_onehot_gen_rst_ic.curr_wrst_state[4]_i_1_n_0                                               |                2 |              4 |         2.00 |
|  minimal_i/processing_system7_0/inst/FCLK_CLK0   |                                                                                                                                                                                                         | minimal_i/axi_smc/inst/clk_map/psr_aclk/U0/EXT_LPF/lpf_int                                                                                                                                                                        |                3 |              4 |         1.33 |
|  minimal_i/processing_system7_0/inst/FCLK_CLK0   |                                                                                                                                                                                                         | minimal_i/axi_gpio_0/U0/AXI_LITE_IPIF_I/I_SLAVE_ATTACHMENT/clear                                                                                                                                                                  |                1 |              4 |         4.00 |
|  minimal_i/processing_system7_0/inst/FCLK_CLK0   |                                                                                                                                                                                                         | minimal_i/axi_ethernetlite_0/U0/XEMAC_I/EMAC_I/TX/INST_TX_INTRFCE/I_TX_FIFO/gnuram_async_fifo.xpm_fifo_base_inst/xpm_fifo_rst_inst/FSM_onehot_gen_rst_ic.curr_wrst_state[4]_i_1_n_0                                               |                2 |              4 |         2.00 |
|  minimal_i/processing_system7_0/inst/FCLK_CLK0   |                                                                                                                                                                                                         | minimal_i/axi_quad_spi_0/U0/NO_DUAL_QUAD_MODE.QSPI_NORMAL/QSPI_LEGACY_MD_GEN.QSPI_CORE_INTERFACE_I/FIFO_EXISTS.TX_FIFO_II/gnuram_async_fifo.xpm_fifo_base_inst/xpm_fifo_rst_inst/FSM_onehot_gen_rst_ic.curr_wrst_state[4]_i_1_n_0 |                2 |              4 |         2.00 |
|  minimal_i/processing_system7_0/inst/FCLK_CLK1   | minimal_i/axi_quad_spi_0/U0/NO_DUAL_QUAD_MODE.QSPI_NORMAL/QSPI_LEGACY_MD_GEN.QSPI_CORE_INTERFACE_I/LOGIC_FOR_MD_0_GEN.SPI_MODULE_I/Count[0]                                                             | minimal_i/axi_quad_spi_0/U0/NO_DUAL_QUAD_MODE.QSPI_NORMAL/QSPI_LEGACY_MD_GEN.QSPI_CORE_INTERFACE_I/LOGIC_FOR_MD_0_GEN.SPI_MODULE_I/Count0                                                                                         |                1 |              5 |         5.00 |
|  minimal_i/processing_system7_0/inst/FCLK_CLK0   | minimal_i/axi_ethernetlite_0/U0/XEMAC_I/EMAC_I/TX/INST_DEFERRAL_CONTROL/inst_deferral_state/FSM_sequential_thisState_reg[0]_0[0]                                                                        | minimal_i/axi_ethernetlite_0/U0/XEMAC_I/EMAC_I/TX/INST_TX_STATE_MACHINE/ACTIVE_LOW_PR_OUT_DFF[0].FDRE_PER_N                                                                                                                       |                1 |              5 |         5.00 |
|  minimal_i/processing_system7_0/inst/FCLK_CLK0   | minimal_i/axi_ethernetlite_0/U0/XEMAC_I/EMAC_I/TX/INST_DEFERRAL_CONTROL/inst_deferral_state/E[0]                                                                                                        | minimal_i/axi_ethernetlite_0/U0/XEMAC_I/EMAC_I/TX/INST_TX_STATE_MACHINE/ACTIVE_LOW_PR_OUT_DFF[0].FDRE_PER_N                                                                                                                       |                1 |              5 |         5.00 |
|  minimal_i/axi_ethernetlite_0/U0/phy_tx_clk_core |                                                                                                                                                                                                         | minimal_i/axi_ethernetlite_0/U0/BUS_RST_TX_SYNC_CORE_I/syncstages_ff[3]                                                                                                                                                           |                1 |              5 |         5.00 |
|  minimal_i/processing_system7_0/inst/FCLK_CLK0   | minimal_i/axi_ethernetlite_0/U0/I_AXI_NATIVE_IPIF/AXI4_LITE_IF_GEN.read_in_prog_reg_7[0]                                                                                                                | minimal_i/axi_ethernetlite_0/U0/I_AXI_NATIVE_IPIF/AXI4_LITE_IF_GEN.read_in_prog_reg_6                                                                                                                                             |                2 |              5 |         2.50 |
|  minimal_i/processing_system7_0/inst/FCLK_CLK0   | minimal_i/axi_quad_spi_0/U0/NO_DUAL_QUAD_MODE.QSPI_NORMAL/QSPI_LEGACY_MD_GEN.AXI_LITE_IPIF_I/I_SLAVE_ATTACHMENT/bus2ip_addr_i[6]_i_1_n_0                                                                | minimal_i/axi_quad_spi_0/U0/NO_DUAL_QUAD_MODE.QSPI_NORMAL/QSPI_LEGACY_MD_GEN.AXI_LITE_IPIF_I/I_SLAVE_ATTACHMENT/SR[0]                                                                                                             |                2 |              6 |         3.00 |
|  minimal_i/axi_ethernetlite_0/U0/dest_clk        |                                                                                                                                                                                                         | minimal_i/axi_ethernetlite_0/U0/BUS_RST_RX_SYNC_CORE_I/syncstages_ff[3]                                                                                                                                                           |                2 |              6 |         3.00 |
|  minimal_i/processing_system7_0/inst/FCLK_CLK0   | minimal_i/rst_ps7_0_50M/U0/SEQ/seq_cnt_en                                                                                                                                                               | minimal_i/rst_ps7_0_50M/U0/SEQ/SEQ_COUNTER/clear                                                                                                                                                                                  |                1 |              6 |         6.00 |
|  minimal_i/processing_system7_0/inst/FCLK_CLK0   | minimal_i/axi_smc/inst/clk_map/psr_aclk/U0/SEQ/seq_cnt_en                                                                                                                                               | minimal_i/axi_smc/inst/clk_map/psr_aclk/U0/SEQ/SEQ_COUNTER/clear                                                                                                                                                                  |                1 |              6 |         6.00 |
|  minimal_i/processing_system7_0/inst/FCLK_CLK0   | minimal_i/axi_ethernetlite_0/U0/XEMAC_I/MDIO_GEN.MDIO_IF_I/clk_cnt[0]                                                                                                                                   | minimal_i/axi_ethernetlite_0/U0/XEMAC_I/EMAC_I/TX/INST_TX_STATE_MACHINE/ACTIVE_LOW_PR_OUT_DFF[0].FDRE_PER_N                                                                                                                       |                2 |              6 |         3.00 |
|  minimal_i/processing_system7_0/inst/FCLK_CLK0   | minimal_i/axi_ethernetlite_0/U0/XEMAC_I/EMAC_I/TX/INST_TX_STATE_MACHINE/RX_DONE_D1_I[0]                                                                                                                 |                                                                                                                                                                                                                                   |                2 |              6 |         3.00 |
|  minimal_i/processing_system7_0/inst/FCLK_CLK0   |                                                                                                                                                                                                         | minimal_i/axi_ethernetlite_0/U0/XEMAC_I/MDIO_GEN.clk_cnt[5]_i_1_n_0                                                                                                                                                               |                2 |              6 |         3.00 |
|  minimal_i/processing_system7_0/inst/FCLK_CLK0   |                                                                                                                                                                                                         | minimal_i/axi_quad_spi_0/U0/NO_DUAL_QUAD_MODE.QSPI_NORMAL/QSPI_LEGACY_MD_GEN.AXI_LITE_IPIF_I/I_SLAVE_ATTACHMENT/clear                                                                                                             |                2 |              6 |         3.00 |
|  minimal_i/processing_system7_0/inst/FCLK_CLK0   | minimal_i/axi_ethernetlite_0/U0/XEMAC_I/EMAC_I/RX/INST_RX_STATE/pkt_length_cnt[6]_i_2_n_0                                                                                                               | minimal_i/axi_ethernetlite_0/U0/XEMAC_I/EMAC_I/RX/INST_RX_STATE/pkt_length_cnt0                                                                                                                                                   |                2 |              7 |         3.50 |
|  minimal_i/processing_system7_0/inst/FCLK_CLK1   | minimal_i/axi_quad_spi_0/U0/NO_DUAL_QUAD_MODE.QSPI_NORMAL/QSPI_LEGACY_MD_GEN.QSPI_CORE_INTERFACE_I/LOGIC_FOR_MD_0_GEN.SPI_MODULE_I/RATIO_OF_2_GENERATE.Shift_Reg[0]_i_1_n_0                             |                                                                                                                                                                                                                                   |                3 |              7 |         2.33 |
|  minimal_i/processing_system7_0/inst/FCLK_CLK0   | minimal_i/axi_quad_spi_0/U0/NO_DUAL_QUAD_MODE.QSPI_NORMAL/QSPI_LEGACY_MD_GEN.AXI_LITE_IPIF_I/I_SLAVE_ATTACHMENT/I_DECODER/SPICR_data_int_reg0                                                           | minimal_i/axi_quad_spi_0/U0/NO_DUAL_QUAD_MODE.QSPI_NORMAL/QSPI_LEGACY_MD_GEN.QSPI_CORE_INTERFACE_I/SOFT_RESET_I/reset2ip_reset_int                                                                                                |                2 |              8 |         4.00 |
|  minimal_i/processing_system7_0/inst/FCLK_CLK0   | minimal_i/axi_quad_spi_0/U0/NO_DUAL_QUAD_MODE.QSPI_NORMAL/QSPI_LEGACY_MD_GEN.QSPI_CORE_INTERFACE_I/FIFO_EXISTS.CLK_CROSS_I/RESET_FLOPS[15].RST_FLOPS                                                    |                                                                                                                                                                                                                                   |                2 |              8 |         4.00 |
|  minimal_i/processing_system7_0/inst/FCLK_CLK0   | minimal_i/axi_smc/inst/s00_entry_pipeline/s00_mmu/inst/gen_endpoint.decerr_slave_inst/gen_axi.gen_read.read_cnt[7]_i_1_n_0                                                                              | minimal_i/axi_smc/inst/s00_entry_pipeline/s00_mmu/inst/areset                                                                                                                                                                     |                2 |              8 |         4.00 |
|  minimal_i/axi_ethernetlite_0/U0/dest_clk        | minimal_i/axi_ethernetlite_0/U0/XEMAC_I/EMAC_I/RX/INST_RX_INTRFCE/I_RX_FIFO/gnuram_async_fifo.xpm_fifo_base_inst/xpm_fifo_rst_inst/wr_pntr_plus1_pf_carry                                               |                                                                                                                                                                                                                                   |                1 |              8 |         8.00 |
|  minimal_i/processing_system7_0/inst/FCLK_CLK1   | minimal_i/axi_quad_spi_0/U0/NO_DUAL_QUAD_MODE.QSPI_NORMAL/QSPI_LEGACY_MD_GEN.QSPI_CORE_INTERFACE_I/LOGIC_FOR_MD_0_GEN.SPI_MODULE_I/RX_DATA_SCK_RATIO_2_GEN1.receive_Data_int[0]_i_1_n_0                 |                                                                                                                                                                                                                                   |                3 |              8 |         2.67 |
|  minimal_i/processing_system7_0/inst/FCLK_CLK0   | minimal_i/axi_smc/inst/s00_entry_pipeline/s00_si_converter/inst/gen_axilite_conv.axilite_conv_inst/r_beats[7]_i_1_n_0                                                                                   | minimal_i/axi_smc/inst/s00_entry_pipeline/s00_si_converter/inst/areset                                                                                                                                                            |                3 |              8 |         2.67 |
|  minimal_i/processing_system7_0/inst/FCLK_CLK1   | minimal_i/axi_quad_spi_0/U0/NO_DUAL_QUAD_MODE.QSPI_NORMAL/QSPI_LEGACY_MD_GEN.QSPI_CORE_INTERFACE_I/LOGIC_FOR_MD_0_GEN.SPI_MODULE_I/RATIO_OF_2_GENERATE.rx_shft_reg_mode_0011[0]_i_1_n_0                 |                                                                                                                                                                                                                                   |                1 |              8 |         8.00 |
|  minimal_i/processing_system7_0/inst/FCLK_CLK0   | minimal_i/axi_smc/inst/s00_entry_pipeline/s00_si_converter/inst/gen_axilite_conv.axilite_conv_inst/ar_cnt[7]_i_1_n_0                                                                                    | minimal_i/axi_smc/inst/s00_entry_pipeline/s00_si_converter/inst/areset                                                                                                                                                            |                3 |              8 |         2.67 |
|  minimal_i/processing_system7_0/inst/FCLK_CLK1   | minimal_i/axi_quad_spi_0/U0/NO_DUAL_QUAD_MODE.QSPI_NORMAL/QSPI_LEGACY_MD_GEN.QSPI_CORE_INTERFACE_I/LOGIC_FOR_MD_0_GEN.SPI_MODULE_I/RATIO_OF_2_GENERATE.rx_shft_reg_mode_0110[0]_i_1_n_0                 |                                                                                                                                                                                                                                   |                2 |              8 |         4.00 |
|  minimal_i/processing_system7_0/inst/FCLK_CLK0   | minimal_i/axi_ethernetlite_0/U0/XEMAC_I/EMAC_I/TX/INST_TX_INTRFCE/I_TX_FIFO/gnuram_async_fifo.xpm_fifo_base_inst/xpm_fifo_rst_inst/wr_pntr_plus1_pf_carry                                               |                                                                                                                                                                                                                                   |                1 |              8 |         8.00 |
|  minimal_i/processing_system7_0/inst/FCLK_CLK1   |                                                                                                                                                                                                         | minimal_i/axi_quad_spi_0/U0/NO_DUAL_QUAD_MODE.QSPI_NORMAL/QSPI_LEGACY_MD_GEN.QSPI_CORE_INTERFACE_I/FIFO_EXISTS.TX_FIFO_II/gnuram_async_fifo.xpm_fifo_base_inst/xpm_fifo_rst_inst/SR[0]                                            |                3 |              9 |         3.00 |
|  minimal_i/processing_system7_0/inst/FCLK_CLK0   | minimal_i/axi_quad_spi_0/U0/NO_DUAL_QUAD_MODE.QSPI_NORMAL/QSPI_LEGACY_MD_GEN.AXI_LITE_IPIF_I/I_SLAVE_ATTACHMENT/I_DECODER/bus2ip_wrce_int[1]                                                            | minimal_i/axi_quad_spi_0/U0/NO_DUAL_QUAD_MODE.QSPI_NORMAL/QSPI_LEGACY_MD_GEN.QSPI_CORE_INTERFACE_I/SOFT_RESET_I/reset2ip_reset_int                                                                                                |                3 |              9 |         3.00 |
|  minimal_i/processing_system7_0/inst/FCLK_CLK0   |                                                                                                                                                                                                         | minimal_i/axi_quad_spi_0/U0/NO_DUAL_QUAD_MODE.QSPI_NORMAL/QSPI_LEGACY_MD_GEN.QSPI_CORE_INTERFACE_I/FIFO_EXISTS.RX_FIFO_II/gnuram_async_fifo.xpm_fifo_base_inst/xpm_fifo_rst_inst/SR[0]                                            |                3 |              9 |         3.00 |
|  minimal_i/processing_system7_0/inst/FCLK_CLK0   | minimal_i/axi_smc/inst/s00_entry_pipeline/s00_si_converter/inst/gen_axilite_conv.axilite_conv_inst/w_cnt[8]_i_1_n_0                                                                                     | minimal_i/axi_smc/inst/s00_entry_pipeline/s00_si_converter/inst/areset                                                                                                                                                            |                3 |              9 |         3.00 |
|  minimal_i/processing_system7_0/inst/FCLK_CLK0   | minimal_i/axi_smc/inst/s00_entry_pipeline/s00_si_converter/inst/gen_axilite_conv.axilite_conv_inst/s_buser[0]                                                                                           | minimal_i/axi_smc/inst/s00_entry_pipeline/s00_si_converter/inst/gen_axilite_conv.axilite_conv_inst/b_cnt[8]_i_1_n_0                                                                                                               |                3 |              9 |         3.00 |
|  minimal_i/processing_system7_0/inst/FCLK_CLK0   | minimal_i/axi_ethernetlite_0/U0/I_AXI_NATIVE_IPIF/reg_data_out0__0                                                                                                                                      | minimal_i/axi_ethernetlite_0/U0/I_AXI_NATIVE_IPIF/ACTIVE_LOW_PR_OUT_DFF[0].FDRE_PER_N_0                                                                                                                                           |                3 |             10 |         3.33 |
|  minimal_i/processing_system7_0/inst/FCLK_CLK0   | minimal_i/axi_ethernetlite_0/U0/I_AXI_NATIVE_IPIF/AXI4_LITE_IF_GEN.bus2ip_addr_i[12]_i_1_n_0                                                                                                            | minimal_i/axi_ethernetlite_0/U0/XEMAC_I/EMAC_I/TX/INST_TX_STATE_MACHINE/ACTIVE_LOW_PR_OUT_DFF[0].FDRE_PER_N                                                                                                                       |                3 |             11 |         3.67 |
|  minimal_i/processing_system7_0/inst/FCLK_CLK0   | minimal_i/axi_ethernetlite_0/U0/I_AXI_NATIVE_IPIF/AXI4_LITE_IF_GEN.read_in_prog_reg_7[0]                                                                                                                |                                                                                                                                                                                                                                   |                4 |             11 |         2.75 |
|  minimal_i/processing_system7_0/inst/FCLK_CLK0   | minimal_i/axi_ethernetlite_0/U0/I_AXI_NATIVE_IPIF/AXI4_LITE_IF_GEN.write_in_prog_reg_1[0]                                                                                                               | minimal_i/axi_ethernetlite_0/U0/XEMAC_I/EMAC_I/TX/INST_TX_STATE_MACHINE/ACTIVE_LOW_PR_OUT_DFF[0].FDRE_PER_N                                                                                                                       |                2 |             11 |         5.50 |
|  minimal_i/processing_system7_0/inst/FCLK_CLK0   | minimal_i/axi_smc/inst/s00_entry_pipeline/s00_mmu/inst/gen_endpoint.decerr_slave_inst/gen_axi.gen_write.s_axi_bid_i[11]_i_1_n_0                                                                         | minimal_i/axi_smc/inst/s00_entry_pipeline/s00_mmu/inst/areset                                                                                                                                                                     |                3 |             12 |         4.00 |
|  minimal_i/processing_system7_0/inst/FCLK_CLK0   |                                                                                                                                                                                                         | minimal_i/axi_smc/inst/switchboards/i_nodes/i_r_node/inst/inst_si_handler/areset_r                                                                                                                                                |                4 |             12 |         3.00 |
|  minimal_i/processing_system7_0/inst/FCLK_CLK0   | minimal_i/axi_smc/inst/s00_entry_pipeline/s00_transaction_regulator/inst/gen_endpoint.gen_w_singleorder.w_singleorder/gen_id_reg.s_rid_i0                                                               |                                                                                                                                                                                                                                   |                4 |             12 |         3.00 |
|  minimal_i/processing_system7_0/inst/FCLK_CLK0   | minimal_i/axi_smc/inst/s00_entry_pipeline/s00_transaction_regulator/inst/gen_endpoint.gen_r_singleorder.r_singleorder/gen_id_reg.s_rid_i0                                                               |                                                                                                                                                                                                                                   |                3 |             12 |         4.00 |
|  minimal_i/processing_system7_0/inst/FCLK_CLK0   | minimal_i/axi_quad_spi_0/U0/NO_DUAL_QUAD_MODE.QSPI_NORMAL/QSPI_LEGACY_MD_GEN.AXI_LITE_IPIF_I/I_SLAVE_ATTACHMENT/s_axi_rresp_i[0]                                                                        | minimal_i/axi_quad_spi_0/U0/NO_DUAL_QUAD_MODE.QSPI_NORMAL/QSPI_LEGACY_MD_GEN.AXI_LITE_IPIF_I/I_SLAVE_ATTACHMENT/SR[0]                                                                                                             |                3 |             12 |         4.00 |
|  minimal_i/processing_system7_0/inst/FCLK_CLK0   | minimal_i/axi_smc/inst/s00_entry_pipeline/s00_mmu/inst/gen_endpoint.decerr_slave_inst/gen_axi.gen_read.s_axi_rvalid_i                                                                                   | minimal_i/axi_smc/inst/s00_entry_pipeline/s00_mmu/inst/areset                                                                                                                                                                     |                3 |             12 |         4.00 |
|  minimal_i/processing_system7_0/inst/FCLK_CLK0   | minimal_i/axi_smc/inst/s00_entry_pipeline/s00_si_converter/inst/gen_axilite_conv.axilite_conv_inst/aw_addr[11]_i_1_n_0                                                                                  | minimal_i/axi_smc/inst/s00_entry_pipeline/s00_si_converter/inst/areset                                                                                                                                                            |                5 |             12 |         2.40 |
|  minimal_i/processing_system7_0/inst/FCLK_CLK0   | minimal_i/axi_ethernetlite_0/U0/XEMAC_I/EMAC_I/RX/INST_RX_STATE/gdvld.data_valid_std_reg                                                                                                                | minimal_i/axi_ethernetlite_0/U0/XEMAC_I/EMAC_I/RX/INST_RX_STATE/state3a_0                                                                                                                                                         |                3 |             12 |         4.00 |
|  minimal_i/processing_system7_0/inst/FCLK_CLK0   |                                                                                                                                                                                                         | minimal_i/axi_smc/inst/switchboards/i_nodes/i_b_node/inst/inst_si_handler/areset_r                                                                                                                                                |                5 |             12 |         2.40 |
|  minimal_i/processing_system7_0/inst/FCLK_CLK0   | minimal_i/axi_smc/inst/s00_entry_pipeline/s00_si_converter/inst/gen_axilite_conv.axilite_conv_inst/ar_addr_d[11]_i_1_n_0                                                                                | minimal_i/axi_smc/inst/s00_entry_pipeline/s00_si_converter/inst/areset                                                                                                                                                            |                3 |             12 |         4.00 |
|  minimal_i/processing_system7_0/inst/FCLK_CLK0   | minimal_i/axi_ethernetlite_0/U0/XEMAC_I/EMAC_I/TX/INST_TX_STATE_MACHINE/CE                                                                                                                              | minimal_i/axi_ethernetlite_0/U0/XEMAC_I/EMAC_I/TX/INST_TX_STATE_MACHINE/txComboNibbleCntRst                                                                                                                                       |                3 |             12 |         4.00 |
|  minimal_i/processing_system7_0/inst/FCLK_CLK0   | minimal_i/axi_ethernetlite_0/U0/XEMAC_I/EMAC_I/TX/INST_TX_STATE_MACHINE/tx_addr_en                                                                                                                      | minimal_i/axi_ethernetlite_0/U0/XEMAC_I/EMAC_I/TX/INST_TX_STATE_MACHINE/STATE8A_3                                                                                                                                                 |                3 |             12 |         4.00 |
|  minimal_i/processing_system7_0/inst/FCLK_CLK0   | minimal_i/axi_ethernetlite_0/U0/XEMAC_I/EMAC_I/TX/INST_TX_STATE_MACHINE/STATE10A_0[0]                                                                                                                   | minimal_i/axi_ethernetlite_0/U0/XEMAC_I/EMAC_I/TX/INST_TX_STATE_MACHINE/ACTIVE_LOW_PR_OUT_DFF[0].FDRE_PER_N                                                                                                                       |                5 |             12 |         2.40 |
|  minimal_i/processing_system7_0/inst/FCLK_CLK0   |                                                                                                                                                                                                         | minimal_i/axi_ethernetlite_0/U0/XEMAC_I/EMAC_I/RX/INST_RX_STATE/FSM_onehot_rdDestAddrNib_D_t_q[12]_i_1_n_0                                                                                                                        |                3 |             13 |         4.33 |
|  minimal_i/processing_system7_0/inst/FCLK_CLK0   | minimal_i/axi_ethernetlite_0/U0/XEMAC_I/MDIO_GEN.MDIO_IF_I/mdio_state[0]                                                                                                                                | minimal_i/axi_ethernetlite_0/U0/XEMAC_I/EMAC_I/TX/INST_TX_STATE_MACHINE/ACTIVE_LOW_PR_OUT_DFF[0].FDRE_PER_N                                                                                                                       |                3 |             13 |         4.33 |
|  minimal_i/processing_system7_0/inst/FCLK_CLK0   | minimal_i/axi_ethernetlite_0/U0/I_AXI_NATIVE_IPIF/E[0]                                                                                                                                                  | minimal_i/axi_ethernetlite_0/U0/XEMAC_I/EMAC_I/TX/INST_TX_STATE_MACHINE/ACTIVE_LOW_PR_OUT_DFF[0].FDRE_PER_N                                                                                                                       |                3 |             16 |         5.33 |
|  minimal_i/processing_system7_0/inst/FCLK_CLK0   | minimal_i/axi_ethernetlite_0/U0/I_AXI_NATIVE_IPIF/AXI4_LITE_IF_GEN.bus2ip_addr_i_reg[2]_1[0]                                                                                                            | minimal_i/axi_ethernetlite_0/U0/XEMAC_I/EMAC_I/TX/INST_TX_STATE_MACHINE/ACTIVE_LOW_PR_OUT_DFF[0].FDRE_PER_N                                                                                                                       |                4 |             16 |         4.00 |
|  minimal_i/processing_system7_0/inst/FCLK_CLK0   | minimal_i/axi_ethernetlite_0/U0/I_AXI_NATIVE_IPIF/AXI4_LITE_IF_GEN.bus2ip_addr_i_reg[4]_0[0]                                                                                                            | minimal_i/axi_ethernetlite_0/U0/XEMAC_I/EMAC_I/TX/INST_TX_STATE_MACHINE/ACTIVE_LOW_PR_OUT_DFF[0].FDRE_PER_N                                                                                                                       |                3 |             16 |         5.33 |
|  minimal_i/processing_system7_0/inst/FCLK_CLK0   | minimal_i/axi_smc/inst/switchboards/i_nodes/i_ar_node/inst/inst_mi_handler/gen_normal_area.inst_fifo_node_payld/gen_reg_fifo.inst_reg_fifo/gen_single_rank.inst_cntr/E[0]                               |                                                                                                                                                                                                                                   |                5 |             16 |         3.20 |
|  minimal_i/processing_system7_0/inst/FCLK_CLK0   | minimal_i/axi_smc/inst/switchboards/i_nodes/i_aw_node/inst/inst_mi_handler/gen_normal_area.inst_fifo_node_payld/gen_reg_fifo.inst_reg_fifo/gen_single_rank.inst_cntr/E[0]                               |                                                                                                                                                                                                                                   |                3 |             16 |         5.33 |
|  minimal_i/processing_system7_0/inst/FCLK_CLK0   | minimal_i/axi_quad_spi_0/U0/NO_DUAL_QUAD_MODE.QSPI_NORMAL/QSPI_LEGACY_MD_GEN.QSPI_CORE_INTERFACE_I/FIFO_EXISTS.RX_FIFO_II/gnuram_async_fifo.xpm_fifo_base_inst/rdp_inst/enb                             | minimal_i/axi_quad_spi_0/U0/NO_DUAL_QUAD_MODE.QSPI_NORMAL/QSPI_LEGACY_MD_GEN.QSPI_CORE_INTERFACE_I/FIFO_EXISTS.RX_FIFO_II/gnuram_async_fifo.xpm_fifo_base_inst/xpm_fifo_rst_inst/gen_rst_ic.fifo_rd_rst_ic_reg_0                  |                8 |             17 |         2.12 |
|  minimal_i/processing_system7_0/inst/FCLK_CLK0   |                                                                                                                                                                                                         | minimal_i/axi_smc/inst/s00_entry_pipeline/s00_si_converter/inst/areset                                                                                                                                                            |               10 |             17 |         1.70 |
|  minimal_i/axi_ethernetlite_0/U0/dest_clk        | minimal_i/axi_ethernetlite_0/U0/XEMAC_I/EMAC_I/RX/INST_RX_INTRFCE/I_RX_FIFO/gnuram_async_fifo.xpm_fifo_base_inst/xpm_fifo_rst_inst/wr_pntr_plus1_pf_carry                                               | minimal_i/axi_ethernetlite_0/U0/XEMAC_I/EMAC_I/RX/INST_RX_INTRFCE/I_RX_FIFO/gnuram_async_fifo.xpm_fifo_base_inst/xpm_fifo_rst_inst/wrst_busy                                                                                      |                5 |             17 |         3.40 |
|  minimal_i/processing_system7_0/inst/FCLK_CLK0   |                                                                                                                                                                                                         | minimal_i/axi_ethernetlite_0/U0/XEMAC_I/EMAC_I/TX/INST_TX_INTRFCE/I_TX_FIFO/gnuram_async_fifo.xpm_fifo_base_inst/xpm_fifo_rst_inst/wrst_busy                                                                                      |                5 |             17 |         3.40 |
|  minimal_i/processing_system7_0/inst/FCLK_CLK0   | minimal_i/axi_ethernetlite_0/U0/XEMAC_I/EMAC_I/TX/INST_TX_INTRFCE/I_TX_FIFO/gnuram_async_fifo.xpm_fifo_base_inst/xpm_fifo_rst_inst/wr_pntr_plus1_pf_carry                                               | minimal_i/axi_ethernetlite_0/U0/XEMAC_I/EMAC_I/TX/INST_TX_INTRFCE/I_TX_FIFO/gnuram_async_fifo.xpm_fifo_base_inst/xpm_fifo_rst_inst/wrst_busy                                                                                      |                6 |             17 |         2.83 |
|  minimal_i/axi_ethernetlite_0/U0/dest_clk        |                                                                                                                                                                                                         | minimal_i/axi_ethernetlite_0/U0/XEMAC_I/EMAC_I/RX/INST_RX_INTRFCE/I_RX_FIFO/gnuram_async_fifo.xpm_fifo_base_inst/xpm_fifo_rst_inst/wrst_busy                                                                                      |                6 |             17 |         2.83 |
|  minimal_i/processing_system7_0/inst/FCLK_CLK1   | minimal_i/axi_quad_spi_0/U0/NO_DUAL_QUAD_MODE.QSPI_NORMAL/QSPI_LEGACY_MD_GEN.QSPI_CORE_INTERFACE_I/FIFO_EXISTS.TX_FIFO_II/gnuram_async_fifo.xpm_fifo_base_inst/rdp_inst/enb                             | minimal_i/axi_quad_spi_0/U0/NO_DUAL_QUAD_MODE.QSPI_NORMAL/QSPI_LEGACY_MD_GEN.QSPI_CORE_INTERFACE_I/FIFO_EXISTS.TX_FIFO_II/gnuram_async_fifo.xpm_fifo_base_inst/xpm_fifo_rst_inst/gen_rst_ic.fifo_rd_rst_ic_reg_0                  |                7 |             17 |         2.43 |
|  minimal_i/axi_ethernetlite_0/U0/phy_tx_clk_core | minimal_i/axi_ethernetlite_0/U0/XEMAC_I/EMAC_I/TX/INST_TX_INTRFCE/I_TX_FIFO/gnuram_async_fifo.xpm_fifo_base_inst/rdp_inst/E[0]                                                                          | minimal_i/axi_ethernetlite_0/U0/XEMAC_I/EMAC_I/TX/INST_TX_INTRFCE/I_TX_FIFO/gnuram_async_fifo.xpm_fifo_base_inst/xpm_fifo_rst_inst/SR[0]                                                                                          |                7 |             19 |         2.71 |
|  minimal_i/processing_system7_0/inst/FCLK_CLK0   | minimal_i/axi_ethernetlite_0/U0/XEMAC_I/EMAC_I/RX/INST_RX_INTRFCE/I_RX_FIFO/gnuram_async_fifo.xpm_fifo_base_inst/rdp_inst/E[0]                                                                          | minimal_i/axi_ethernetlite_0/U0/XEMAC_I/EMAC_I/RX/INST_RX_INTRFCE/I_RX_FIFO/gnuram_async_fifo.xpm_fifo_base_inst/xpm_fifo_rst_inst/SR[0]                                                                                          |                5 |             19 |         3.80 |
|  minimal_i/processing_system7_0/inst/FCLK_CLK0   |                                                                                                                                                                                                         | minimal_i/axi_ethernetlite_0/U0/XEMAC_I/EMAC_I/RX/INST_RX_INTRFCE/I_RX_FIFO/gnuram_async_fifo.xpm_fifo_base_inst/xpm_fifo_rst_inst/SR[0]                                                                                          |                8 |             19 |         2.38 |
|  minimal_i/axi_ethernetlite_0/U0/phy_tx_clk_core |                                                                                                                                                                                                         | minimal_i/axi_ethernetlite_0/U0/XEMAC_I/EMAC_I/TX/INST_TX_INTRFCE/I_TX_FIFO/gnuram_async_fifo.xpm_fifo_base_inst/xpm_fifo_rst_inst/SR[0]                                                                                          |                6 |             19 |         3.17 |
|  minimal_i/processing_system7_0/inst/FCLK_CLK1   |                                                                                                                                                                                                         | minimal_i/axi_quad_spi_0/U0/NO_DUAL_QUAD_MODE.QSPI_NORMAL/QSPI_LEGACY_MD_GEN.QSPI_CORE_INTERFACE_I/RESET_SYNC_AXI_SPI_CLK_INST/Rst_to_spi                                                                                         |                6 |             20 |         3.33 |
|  minimal_i/processing_system7_0/inst/FCLK_CLK0   |                                                                                                                                                                                                         | minimal_i/axi_gpio_0/U0/AXI_LITE_IPIF_I/I_SLAVE_ATTACHMENT/SR[0]                                                                                                                                                                  |                6 |             22 |         3.67 |
|  minimal_i/processing_system7_0/inst/FCLK_CLK0   |                                                                                                                                                                                                         | minimal_i/axi_smc/inst/s00_entry_pipeline/s00_mmu/inst/areset                                                                                                                                                                     |               12 |             23 |         1.92 |
|  minimal_i/processing_system7_0/inst/FCLK_CLK0   |                                                                                                                                                                                                         | minimal_i/axi_quad_spi_0/U0/NO_DUAL_QUAD_MODE.QSPI_NORMAL/QSPI_LEGACY_MD_GEN.AXI_LITE_IPIF_I/I_SLAVE_ATTACHMENT/SR[0]                                                                                                             |                7 |             31 |         4.43 |
|  minimal_i/processing_system7_0/inst/FCLK_CLK0   | minimal_i/axi_smc/inst/s00_entry_pipeline/s00_si_converter/inst/gen_axilite_conv.axilite_conv_inst/s_axi_rdata_i[31]_i_1_n_0                                                                            | minimal_i/axi_smc/inst/s00_entry_pipeline/s00_si_converter/inst/areset                                                                                                                                                            |                7 |             32 |         4.57 |
|  minimal_i/processing_system7_0/inst/FCLK_CLK0   | minimal_i/axi_ethernetlite_0/U0/I_AXI_NATIVE_IPIF/bus2ip_rdce_i_d1                                                                                                                                      | minimal_i/axi_ethernetlite_0/U0/XEMAC_I/EMAC_I/TX/INST_TX_STATE_MACHINE/ACTIVE_LOW_PR_OUT_DFF[0].FDRE_PER_N                                                                                                                       |               11 |             32 |         2.91 |
|  minimal_i/processing_system7_0/inst/FCLK_CLK0   |                                                                                                                                                                                                         | minimal_i/axi_quad_spi_0/U0/NO_DUAL_QUAD_MODE.QSPI_NORMAL/QSPI_LEGACY_MD_GEN.QSPI_CORE_INTERFACE_I/FIFO_EXISTS.RX_FIFO_II/gnuram_async_fifo.xpm_fifo_base_inst/xpm_fifo_rst_inst/gen_rst_ic.fifo_rd_rst_ic_reg_0                  |               10 |             32 |         3.20 |
|  minimal_i/processing_system7_0/inst/FCLK_CLK0   | minimal_i/axi_ethernetlite_0/U0/XEMAC_I/EMAC_I/TX/INST_TX_STATE_MACHINE/E[0]                                                                                                                            | minimal_i/axi_ethernetlite_0/U0/XEMAC_I/EMAC_I/TX/INST_TX_STATE_MACHINE/SR[0]                                                                                                                                                     |                7 |             32 |         4.57 |
|  minimal_i/processing_system7_0/inst/FCLK_CLK0   | minimal_i/axi_quad_spi_0/U0/NO_DUAL_QUAD_MODE.QSPI_NORMAL/QSPI_LEGACY_MD_GEN.AXI_LITE_IPIF_I/I_SLAVE_ATTACHMENT/start2                                                                                  | minimal_i/axi_quad_spi_0/U0/NO_DUAL_QUAD_MODE.QSPI_NORMAL/QSPI_LEGACY_MD_GEN.AXI_LITE_IPIF_I/I_SLAVE_ATTACHMENT/I_DECODER/cs_ce_clr                                                                                               |               10 |             32 |         3.20 |
|  minimal_i/processing_system7_0/inst/FCLK_CLK1   |                                                                                                                                                                                                         | minimal_i/axi_quad_spi_0/U0/NO_DUAL_QUAD_MODE.QSPI_NORMAL/QSPI_LEGACY_MD_GEN.QSPI_CORE_INTERFACE_I/FIFO_EXISTS.TX_FIFO_II/gnuram_async_fifo.xpm_fifo_base_inst/xpm_fifo_rst_inst/gen_rst_ic.fifo_rd_rst_ic_reg_0                  |                9 |             32 |         3.56 |
|  minimal_i/processing_system7_0/inst/FCLK_CLK1   |                                                                                                                                                                                                         | minimal_i/axi_quad_spi_0/U0/NO_DUAL_QUAD_MODE.QSPI_NORMAL/QSPI_LEGACY_MD_GEN.QSPI_CORE_INTERFACE_I/FIFO_EXISTS.RX_FIFO_II/gnuram_async_fifo.xpm_fifo_base_inst/xpm_fifo_rst_inst/wrst_busy                                        |                9 |             32 |         3.56 |
|  minimal_i/processing_system7_0/inst/FCLK_CLK0   | minimal_i/axi_ethernetlite_0/U0/XEMAC_I/EMAC_I/RX/rxCrcEn_d1                                                                                                                                            | minimal_i/axi_ethernetlite_0/U0/XEMAC_I/EMAC_I/RX/INST_RX_STATE/state0a_1[0]                                                                                                                                                      |                9 |             32 |         3.56 |
|  minimal_i/processing_system7_0/inst/FCLK_CLK0   | minimal_i/axi_quad_spi_0/U0/NO_DUAL_QUAD_MODE.QSPI_NORMAL/QSPI_LEGACY_MD_GEN.QSPI_CORE_INTERFACE_I/FIFO_EXISTS.TX_FIFO_II/gnuram_async_fifo.xpm_fifo_base_inst/xpm_fifo_rst_inst/wr_pntr_plus1_pf_carry | minimal_i/axi_quad_spi_0/U0/NO_DUAL_QUAD_MODE.QSPI_NORMAL/QSPI_LEGACY_MD_GEN.QSPI_CORE_INTERFACE_I/FIFO_EXISTS.TX_FIFO_II/gnuram_async_fifo.xpm_fifo_base_inst/xpm_fifo_rst_inst/wrst_busy                                        |               13 |             33 |         2.54 |
|  minimal_i/processing_system7_0/inst/FCLK_CLK1   | minimal_i/axi_quad_spi_0/U0/NO_DUAL_QUAD_MODE.QSPI_NORMAL/QSPI_LEGACY_MD_GEN.QSPI_CORE_INTERFACE_I/FIFO_EXISTS.RX_FIFO_II/gnuram_async_fifo.xpm_fifo_base_inst/xpm_fifo_rst_inst/wr_pntr_plus1_pf_carry | minimal_i/axi_quad_spi_0/U0/NO_DUAL_QUAD_MODE.QSPI_NORMAL/QSPI_LEGACY_MD_GEN.QSPI_CORE_INTERFACE_I/FIFO_EXISTS.RX_FIFO_II/gnuram_async_fifo.xpm_fifo_base_inst/xpm_fifo_rst_inst/wrst_busy                                        |               13 |             33 |         2.54 |
|  minimal_i/processing_system7_0/inst/FCLK_CLK0   |                                                                                                                                                                                                         | minimal_i/axi_quad_spi_0/U0/NO_DUAL_QUAD_MODE.QSPI_NORMAL/QSPI_LEGACY_MD_GEN.QSPI_CORE_INTERFACE_I/FIFO_EXISTS.TX_FIFO_II/gnuram_async_fifo.xpm_fifo_base_inst/xpm_fifo_rst_inst/wrst_busy                                        |               10 |             34 |         3.40 |
|  minimal_i/processing_system7_0/inst/FCLK_CLK0   | minimal_i/axi_smc/inst/s00_entry_pipeline/s00_si_converter/inst/gen_axilite_conv.axilite_conv_inst/m_aruser[0]                                                                                          | minimal_i/axi_smc/inst/s00_entry_pipeline/s00_si_converter/inst/areset                                                                                                                                                            |                8 |             34 |         4.25 |
|  minimal_i/processing_system7_0/inst/FCLK_CLK0   | minimal_i/axi_smc/inst/switchboards/i_nodes/i_r_node/inst/inst_mi_handler/gen_normal_area.gen_fi_regulator.inst_fi_regulator/E[0]                                                                       |                                                                                                                                                                                                                                   |               10 |             34 |         3.40 |
|  minimal_i/processing_system7_0/inst/FCLK_CLK0   | minimal_i/axi_smc/inst/s00_entry_pipeline/s00_mmu/inst/aw_reg_stall/m_vector_i[0]                                                                                                                       |                                                                                                                                                                                                                                   |                8 |             36 |         4.50 |
|  minimal_i/processing_system7_0/inst/FCLK_CLK0   | minimal_i/axi_smc/inst/s00_entry_pipeline/s00_mmu/inst/aw_reg_stall/skid_buffer[1128]_i_1__0_n_0                                                                                                        |                                                                                                                                                                                                                                   |                8 |             36 |         4.50 |
|  minimal_i/processing_system7_0/inst/FCLK_CLK0   | minimal_i/axi_smc/inst/s00_entry_pipeline/s00_mmu/inst/ar_reg_stall/m_vector_i[0]                                                                                                                       |                                                                                                                                                                                                                                   |                7 |             36 |         5.14 |
|  minimal_i/processing_system7_0/inst/FCLK_CLK0   | minimal_i/axi_smc/inst/s00_entry_pipeline/s00_mmu/inst/ar_reg_stall/skid_buffer[1128]_i_1_n_0                                                                                                           |                                                                                                                                                                                                                                   |                7 |             36 |         5.14 |
|  minimal_i/processing_system7_0/inst/FCLK_CLK0   | minimal_i/axi_smc/inst/switchboards/i_nodes/i_w_node/inst/inst_mi_handler/gen_normal_area.inst_fifo_node_payld/gen_reg_fifo.inst_reg_fifo/gen_single_rank.inst_cntr/E[0]                                |                                                                                                                                                                                                                                   |               11 |             39 |         3.55 |
|  minimal_i/axi_ethernetlite_0/U0/dest_clk        |                                                                                                                                                                                                         |                                                                                                                                                                                                                                   |               10 |             46 |         4.60 |
|  minimal_i/axi_ethernetlite_0/U0/phy_tx_clk_core |                                                                                                                                                                                                         |                                                                                                                                                                                                                                   |               10 |             52 |         5.20 |
|  minimal_i/processing_system7_0/inst/FCLK_CLK0   |                                                                                                                                                                                                         | minimal_i/axi_quad_spi_0/U0/NO_DUAL_QUAD_MODE.QSPI_NORMAL/QSPI_LEGACY_MD_GEN.QSPI_CORE_INTERFACE_I/SOFT_RESET_I/reset2ip_reset_int                                                                                                |               17 |             73 |         4.29 |
|  minimal_i/processing_system7_0/inst/FCLK_CLK0   |                                                                                                                                                                                                         | minimal_i/axi_ethernetlite_0/U0/XEMAC_I/EMAC_I/TX/INST_TX_STATE_MACHINE/ACTIVE_LOW_PR_OUT_DFF[0].FDRE_PER_N                                                                                                                       |               53 |            135 |         2.55 |
|  minimal_i/processing_system7_0/inst/FCLK_CLK1   |                                                                                                                                                                                                         |                                                                                                                                                                                                                                   |               43 |            198 |         4.60 |
|  minimal_i/processing_system7_0/inst/FCLK_CLK0   |                                                                                                                                                                                                         |                                                                                                                                                                                                                                   |              140 |            499 |         3.56 |
+--------------------------------------------------+---------------------------------------------------------------------------------------------------------------------------------------------------------------------------------------------------------+-----------------------------------------------------------------------------------------------------------------------------------------------------------------------------------------------------------------------------------+------------------+----------------+--------------+


